// Jest Snapshot v1, https://goo.gl/fbAQLP

exports[`UserGrid Component Snapshot Test renders correctly - loading 1`] = `
<div
  className="MuiGrid-root MuiGrid-container MuiGrid-spacing-xs-1 MuiGrid-direction-xs-column MuiGrid-align-items-xs-center MuiGrid-justify-xs-center"
>
  <div
    className="MuiGrid-root MuiGrid-item"
  >
    <div
      className="MuiPaper-root MuiPaper-elevation1 MuiPaper-rounded"
    >
      <div
        className="MuiCircularProgress-root MuiCircularProgress-colorPrimary MuiCircularProgress-indeterminate"
        role="progressbar"
        style={
          Object {
            "height": 40,
            "width": 40,
          }
        }
      >
        <svg
          className="MuiCircularProgress-svg"
          viewBox="22 22 44 44"
        >
          <circle
            className="MuiCircularProgress-circle MuiCircularProgress-circleIndeterminate"
            cx={44}
            cy={44}
            fill="none"
            r={20.2}
            strokeWidth={3.6}
            style={Object {}}
          />
        </svg>
      </div>
    </div>
  </div>
  <div
    className="MuiGrid-root MuiGrid-item"
  >
    <p
      className="MuiTypography-root MuiTypography-body1"
    >
      Loading...
    </p>
  </div>
</div>
`;

exports[`UserGrid Component Snapshot Test renders correctly - with data 1`] = `
<div
  className="MuiPaper-root MuiPaper-elevation3 MuiPaper-rounded"
>
  <div
    className="MuiGrid-root MuiGrid-container MuiGrid-spacing-xs-1 MuiGrid-justify-xs-center"
  >
    <div
      className="MuiGrid-root MuiGrid-item"
    >
      <div>
        <button
          aria-controls={null}
          aria-haspopup={true}
          className="MuiButtonBase-root MuiButton-root MuiButton-text"
          disabled={false}
          id="btn-15667689-X"
          onBlur={[Function]}
          onClick={[Function]}
          onDragLeave={[Function]}
          onFocus={[Function]}
          onKeyDown={[Function]}
          onKeyUp={[Function]}
          onMouseDown={[Function]}
          onMouseLeave={[Function]}
          onMouseUp={[Function]}
          onTouchEnd={[Function]}
          onTouchMove={[Function]}
          onTouchStart={[Function]}
          tabIndex={0}
          title="15667689-X:[Angela Moya]"
          type="button"
        >
          <span
            className="MuiButton-label"
          >
            <div
              className="MuiAvatar-root MuiAvatar-circle"
              onMouseLeave={[Function]}
              onMouseMove={[Function]}
              style={
                Object {
                  "transform": "perspective(600px) rotateX(0deg) rotateY(0deg) scale(1)",
                }
              }
            >
              <img
                alt="Angela Moya"
                className="MuiAvatar-img"
                src="https://randomuser.me/api/portraits/thumb/women/73.jpg"
              />
            </div>
          </span>
        </button>
      </div>
    </div>
    <div
      className="MuiGrid-root MuiGrid-item"
    >
      <div>
        <button
          aria-controls={null}
          aria-haspopup={true}
          className="MuiButtonBase-root MuiButton-root MuiButton-text"
          disabled={false}
          id="btn-2NNaN36732140 24"
          onBlur={[Function]}
          onClick={[Function]}
          onDragLeave={[Function]}
          onFocus={[Function]}
          onKeyDown={[Function]}
          onKeyUp={[Function]}
          onMouseDown={[Function]}
          onMouseLeave={[Function]}
          onMouseUp={[Function]}
          onTouchEnd={[Function]}
          onTouchMove={[Function]}
          onTouchStart={[Function]}
          tabIndex={0}
          title="2NNaN36732140 24:[Ambre Deschamps]"
          type="button"
        >
          <span
            className="MuiButton-label"
          >
            <div
              className="MuiAvatar-root MuiAvatar-circle"
              onMouseLeave={[Function]}
              onMouseMove={[Function]}
              style={
                Object {
                  "transform": "perspective(600px) rotateX(0deg) rotateY(0deg) scale(1)",
                }
              }
            >
              <img
                alt="Ambre Deschamps"
                className="MuiAvatar-img"
                src="https://randomuser.me/api/portraits/thumb/women/72.jpg"
              />
            </div>
          </span>
        </button>
      </div>
    </div>
    <div
      className="MuiGrid-root MuiGrid-item"
    >
      <div>
        <button
          aria-controls={null}
          aria-haspopup={true}
          className="MuiButtonBase-root MuiButton-root MuiButton-text"
          disabled={false}
          id="btn-991228915"
          onBlur={[Function]}
          onClick={[Function]}
          onDragLeave={[Function]}
          onFocus={[Function]}
          onKeyDown={[Function]}
          onKeyUp={[Function]}
          onMouseDown={[Function]}
          onMouseLeave={[Function]}
          onMouseUp={[Function]}
          onTouchEnd={[Function]}
          onTouchMove={[Function]}
          onTouchStart={[Function]}
          tabIndex={0}
          title="991228915:[Andrew Young]"
          type="button"
        >
          <span
            className="MuiButton-label"
          >
            <div
              className="MuiAvatar-root MuiAvatar-circle"
              onMouseLeave={[Function]}
              onMouseMove={[Function]}
              style={
                Object {
                  "transform": "perspective(600px) rotateX(0deg) rotateY(0deg) scale(1)",
                }
              }
            >
              <img
                alt="Andrew Young"
                className="MuiAvatar-img"
                src="https://randomuser.me/api/portraits/thumb/men/92.jpg"
              />
            </div>
          </span>
        </button>
      </div>
    </div>
    <div
      className="MuiGrid-root MuiGrid-item"
    >
      <div>
        <button
          aria-controls={null}
          aria-haspopup={true}
          className="MuiButtonBase-root MuiButton-root MuiButton-text"
          disabled={false}
          id="btn-64857192-J"
          onBlur={[Function]}
          onClick={[Function]}
          onDragLeave={[Function]}
          onFocus={[Function]}
          onKeyDown={[Function]}
          onKeyUp={[Function]}
          onMouseDown={[Function]}
          onMouseLeave={[Function]}
          onMouseUp={[Function]}
          onTouchEnd={[Function]}
          onTouchMove={[Function]}
          onTouchStart={[Function]}
          tabIndex={0}
          title="64857192-J:[Miguel Nieto]"
          type="button"
        >
          <span
            className="MuiButton-label"
          >
            <div
              className="MuiAvatar-root MuiAvatar-circle"
              onMouseLeave={[Function]}
              onMouseMove={[Function]}
              style={
                Object {
                  "transform": "perspective(600px) rotateX(0deg) rotateY(0deg) scale(1)",
                }
              }
            >
              <img
                alt="Miguel Nieto"
                className="MuiAvatar-img"
                src="https://randomuser.me/api/portraits/thumb/men/20.jpg"
              />
            </div>
          </span>
        </button>
      </div>
    </div>
    <div
      className="MuiGrid-root MuiGrid-item"
    >
      <div>
        <button
          aria-controls={null}
          aria-haspopup={true}
          className="MuiButtonBase-root MuiButton-root MuiButton-text"
          disabled={false}
          id="btn-77116352"
          onBlur={[Function]}
          onClick={[Function]}
          onDragLeave={[Function]}
          onFocus={[Function]}
          onKeyDown={[Function]}
          onKeyUp={[Function]}
          onMouseDown={[Function]}
          onMouseLeave={[Function]}
          onMouseUp={[Function]}
          onTouchEnd={[Function]}
          onTouchMove={[Function]}
          onTouchStart={[Function]}
          tabIndex={0}
          title="77116352:[Marc Van Breemen]"
          type="button"
        >
          <span
            className="MuiButton-label"
          >
            <div
              className="MuiAvatar-root MuiAvatar-circle"
              onMouseLeave={[Function]}
              onMouseMove={[Function]}
              style={
                Object {
                  "transform": "perspective(600px) rotateX(0deg) rotateY(0deg) scale(1)",
                }
              }
            >
              <img
                alt="Marc Van Breemen"
                className="MuiAvatar-img"
                src="https://randomuser.me/api/portraits/thumb/men/65.jpg"
              />
            </div>
          </span>
        </button>
      </div>
    </div>
    <div
      className="MuiGrid-root MuiGrid-item"
    >
      <div>
        <button
          aria-controls={null}
          aria-haspopup={true}
          className="MuiButtonBase-root MuiButton-root MuiButton-text"
          disabled={false}
          id="btn-00000001"
          onBlur={[Function]}
          onClick={[Function]}
          onDragLeave={[Function]}
          onFocus={[Function]}
          onKeyDown={[Function]}
          onKeyUp={[Function]}
          onMouseDown={[Function]}
          onMouseLeave={[Function]}
          onMouseUp={[Function]}
          onTouchEnd={[Function]}
          onTouchMove={[Function]}
          onTouchStart={[Function]}
          tabIndex={0}
          title="00000001:[Not A Real Guy]"
          type="button"
        >
          <span
            className="MuiButton-label"
          >
            <div
              className="MuiAvatar-root MuiAvatar-circle MuiAvatar-colorDefault"
              onMouseLeave={[Function]}
              onMouseMove={[Function]}
              style={
                Object {
                  "transform": "perspective(600px) rotateX(0deg) rotateY(0deg) scale(1)",
                }
              }
            >
              <svg
                aria-hidden="true"
                className="MuiSvgIcon-root MuiAvatar-fallback"
                focusable="false"
                role="presentation"
                viewBox="0 0 24 24"
              >
                <path
                  d="M12 12c2.21 0 4-1.79 4-4s-1.79-4-4-4-4 1.79-4 4 1.79 4 4 4zm0 2c-2.67 0-8 1.34-8 4v2h16v-2c0-2.66-5.33-4-8-4z"
                />
              </svg>
            </div>
          </span>
        </button>
      </div>
    </div>
  </div>
</div>
`;
