// Jest Snapshot v1, https://goo.gl/fbAQLP

exports[`Profile Component Snapshot Test renders correctly 1`] = `
<div>
  <button
    aria-controls={null}
    aria-haspopup={true}
    className="MuiButtonBase-root MuiButton-root MuiButton-text"
    disabled={false}
    id="btn-77116352"
    onBlur={[Function]}
    onClick={[Function]}
    onDragLeave={[Function]}
    onFocus={[Function]}
    onKeyDown={[Function]}
    onKeyUp={[Function]}
    onMouseDown={[Function]}
    onMouseLeave={[Function]}
    onMouseUp={[Function]}
    onTouchEnd={[Function]}
    onTouchMove={[Function]}
    onTouchStart={[Function]}
    tabIndex={0}
    title="77116352:[Marc Van Breemen]"
    type="button"
  >
    <span
      className="MuiButton-label"
    >
      <div
        className="MuiAvatar-root MuiAvatar-circle"
        onMouseLeave={[Function]}
        onMouseMove={[Function]}
        style={
          Object {
            "transform": "perspective(600px) rotateX(0deg) rotateY(0deg) scale(1)",
          }
        }
      >
        <img
          alt="Marc Van Breemen"
          className="MuiAvatar-img"
          src="https://randomuser.me/api/portraits/thumb/men/65.jpg"
        />
      </div>
    </span>
  </button>
</div>
`;
